
Allocating common symbols
Common symbol       size              file

netbufpool          0x4               binaries/net.o
readylist           0x2               binaries/ready.o
rfltab              0x5a0             binaries/rflinit.o
netportseed         0x8               binaries/net.o
sleepq              0x2               binaries/clkinit.o
search_msg          0x64              binaries/initialize.o
nnames              0x4               binaries/naminit.o
fold_path           0x64              binaries/initialize.o
udptab              0x168             binaries/udp.o
minheap             0x4               binaries/meminit.o
marks               0x50              binaries/mark.o
currpid             0x4               binaries/initialize.o
Lf_data             0x20c             binaries/lfsinit.o
porttab             0x2d0             binaries/ptinit.o
girmask             0x2               binaries/evec.o
ttytab              0x110             binaries/ttyinit.o
proctab             0x68b0            binaries/initialize.o
flag                0x190             binaries/initialize.o
prcount             0x4               binaries/initialize.o
running_prindex     0x4               binaries/initialize.o
currdir             0x4               binaries/initialize.o
lfltab              0xf00             binaries/lflinit.o
First               0x4               binaries/initialize.o
rdstab              0x8c              binaries/rdsinit.o
ethertab            0x130             binaries/ethinit.o
NetData             0xb0              binaries/net.o
nmarks              0x4               binaries/mark.o
initsp              0x4               binaries/i386.o
Defer               0x8               binaries/resched.o
semtab              0x4b0             binaries/initialize.o
arguments           0x190             binaries/initialize.o
buffer              0x4               binaries/initialize.o
maxheap             0x4               binaries/meminit.o
preempt             0x4               binaries/clkinit.o
buftab              0x1e0             binaries/bufinit.o
Rf_data             0x18              binaries/rfsinit.o
currindex           0x4               binaries/initialize.o
mkmutex             0x4               binaries/mark.o
cd_dir              0x4               binaries/initialize.o
search_index        0x4               binaries/initialize.o
total_folders       0x4               binaries/initialize.o
clktime             0x4               binaries/clkinit.o
arpcache            0x140             binaries/arp.o
icmptab             0x230             binaries/icmp.o
nbpools             0x4               binaries/bufinit.o
run_search          0x4               binaries/initialize.o
currentpos          0x4               binaries/initialize.o
queuetab            0x980             binaries/queue.o
home                0x4               binaries/initialize.o
ptnextid            0x4               binaries/ptinit.o
Ram                 0x19000           binaries/raminit.o
stor_flag           0x190             binaries/initialize.o
ipoqueue            0x2c              binaries/ip.o
sfo                 0x4               binaries/initialize.o
memlist             0x8               binaries/initialize.o
nametab             0x19a0            binaries/naminit.o
ptfree              0x4               binaries/ptinit.o

Memory Configuration

Name             Origin             Length             Attributes
*default*        0x0000000000000000 0xffffffffffffffff

Linker script and memory map

                0x0000000000100000                physbase = 0x100000
                0x0000000000100000                . = physbase
                0x0000000000100000                . = ALIGN (0x1000)

.text           0x0000000000100000    0x17000
                0x0000000000100000                text = ABSOLUTE (.)
 *(.text .text.*)
 .text          0x0000000000100000      0x165 binaries/start.o
                0x0000000000100020                entry
                0x000000000010003d                start
                0x00000000001000a5                inb
                0x00000000001000ad                inw
                0x00000000001000b6                inl
                0x00000000001000be                outb
                0x00000000001000c8                outw
                0x00000000001000d3                outl
                0x00000000001000dd                _rtcin
                0x00000000001000e8                ___udivsi3
                0x00000000001000f3                ___divsi3
                0x00000000001000ff                sbzero
                0x000000000010010f                bcopy
                0x0000000000100123                insw
                0x0000000000100139                outsw
                0x000000000010014f                lidt
                0x0000000000100157                jumptocode
                0x000000000010015e                jumptobootcode
 .text          0x0000000000100165      0x3e3 binaries/ascdate.o
                0x0000000000100165                ascdate
 .text          0x0000000000100548       0x14 binaries/bufinit.o
                0x0000000000100548                bufinit
 .text          0x000000000010055c       0x95 binaries/chprio.o
                0x000000000010055c                chprio
 .text          0x00000000001005f1       0x96 binaries/clkhandler.o
                0x00000000001005f1                clkhandler
 .text          0x0000000000100687       0x7e binaries/clkinit.o
                0x0000000000100687                clkinit
 .text          0x0000000000100705       0x75 binaries/close.o
                0x0000000000100705                close
 .text          0x000000000010077a        0x0 binaries/conf.o
 .text          0x000000000010077a       0x7b binaries/control.o
                0x000000000010077a                control
 .text          0x00000000001007f5      0x2ea binaries/create.o
                0x00000000001007f5                create
 .text          0x0000000000100adf      0x35f binaries/evec.o
                0x0000000000100adf                initevec
                0x0000000000100b36                set_evec
                0x0000000000100bd8                trap
 .text          0x0000000000100e3e       0x19 binaries/exit.o
                0x0000000000100e3e                exit
 .text          0x0000000000100e57       0x8c binaries/freebuf.o
                0x0000000000100e57                freebuf
 .text          0x0000000000100ee3      0x172 binaries/freemem.o
                0x0000000000100ee3                freemem
 .text          0x0000000000101055       0x8a binaries/getbuf.o
                0x0000000000101055                getbuf
 .text          0x00000000001010df       0x75 binaries/getc.o
                0x00000000001010df                getc
 .text          0x0000000000101154       0x74 binaries/getdev.o
                0x0000000000101154                getdev
 .text          0x00000000001011c8       0xd0 binaries/getitem.o
                0x00000000001011c8                getfirst
                0x000000000010120d                getlast
                0x0000000000101254                getitem
 .text          0x0000000000101298      0x10a binaries/getmem.o
                0x0000000000101298                getmem
 .text          0x00000000001013a2        0xa binaries/getpid.o
                0x00000000001013a2                getpid
 .text          0x00000000001013ac       0x7d binaries/getprio.o
                0x00000000001013ac                getprio
 .text          0x0000000000101429       0xfb binaries/getstk.o
                0x0000000000101429                getstk
 .text          0x0000000000101524       0x16 binaries/getticks.o
                0x0000000000101524                getticks
 .text          0x000000000010153a       0x3a binaries/gettime.o
                0x000000000010153a                gettime
 .text          0x0000000000101574      0x1ec binaries/getutime.o
                0x0000000000101574                getutime
 .text          0x0000000000101760      0x3c5 binaries/i386.o
                0x0000000000101760                setsegs
                0x0000000000101872                init8259
                0x0000000000101924                pseg
                0x0000000000101acc                setirmask
 .text          0x0000000000101b25       0x75 binaries/init.o
                0x0000000000101b25                init
 .text          0x0000000000101b9a      0x3c9 binaries/initialize.o
                0x0000000000101b9a                nulluser
                0x0000000000101f0a                stop
                0x0000000000101f35                delay
 .text          0x0000000000101f63       0xde binaries/insert.o
                0x0000000000101f63                insert
 .text          0x0000000000102041      0x110 binaries/insertd.o
                0x0000000000102041                insertd
 .text          0x0000000000102151        0xa binaries/ioerr.o
                0x0000000000102151                ioerr
 .text          0x000000000010215b        0xa binaries/ionull.o
                0x000000000010215b                ionull
 .text          0x0000000000102165      0x19e binaries/kill.o
                0x0000000000102165                kill
 .text          0x0000000000102303      0x14e binaries/kprintf.o
                0x0000000000102303                kputc
                0x0000000000102396                kgetc
                0x0000000000102427                kprintf
 .text          0x0000000000102451      0x58b binaries/main.o
                0x0000000000102451                main
 .text          0x00000000001029dc       0xb5 binaries/mark.o
                0x00000000001029dc                markinit
                0x0000000000102a00                mark
 .text          0x0000000000102a91       0xcc binaries/meminit.o
                0x0000000000102a91                meminit
 .text          0x0000000000102b5d      0x174 binaries/mkbufpool.o
                0x0000000000102b5d                mkbufpool
 .text          0x0000000000102cd1       0x94 binaries/newqueue.o
                0x0000000000102cd1                newqueue
 .text          0x0000000000102d65       0x7b binaries/open.o
                0x0000000000102d65                open
 .text          0x0000000000102de0       0x20 binaries/panic.o
                0x0000000000102de0                panic
 .text          0x0000000000102e00      0x489 binaries/pci.o
                0x0000000000102e00                pci_init
                0x00000000001030bd                find_pci_device
                0x000000000010310b                pci_bios_read_config_byte
                0x000000000010314a                pci_bios_read_config_word
                0x000000000010318c                pci_bios_read_config_dword
                0x00000000001031cb                pci_bios_write_config_byte
                0x000000000010320c                pci_bios_write_config_word
                0x000000000010324e                pci_bios_write_config_dword
 .text          0x0000000000103289       0xf1 binaries/ptclear.o
                0x0000000000103289                _ptclear
 .text          0x000000000010337a       0x9d binaries/ptcount.o
                0x000000000010337a                ptcount
 .text          0x0000000000103417      0x116 binaries/ptcreate.o
                0x0000000000103417                ptcreate
 .text          0x000000000010352d       0x7f binaries/ptdelete.o
                0x000000000010352d                ptdelete
 .text          0x00000000001035ac       0xbf binaries/ptinit.o
                0x00000000001035ac                ptinit
 .text          0x000000000010366b      0x11b binaries/ptrecv.o
                0x000000000010366b                ptrecv
 .text          0x0000000000103786       0x77 binaries/ptreset.o
                0x0000000000103786                ptreset
 .text          0x00000000001037fd      0x13d binaries/ptsend.o
                0x00000000001037fd                ptsend
 .text          0x000000000010393a       0x80 binaries/putc.o
                0x000000000010393a                putc
 .text          0x00000000001039ba      0x111 binaries/queue.o
                0x00000000001039ba                enqueue
                0x0000000000103a5e                dequeue
 .text          0x0000000000103acb       0x7b binaries/read.o
                0x0000000000103acb                read
 .text          0x0000000000103b46       0x80 binaries/ready.o
                0x0000000000103b46                ready
 .text          0x0000000000103bc6       0x64 binaries/receive.o
                0x0000000000103bc6                receive
 .text          0x0000000000103c2a       0x60 binaries/recvclr.o
                0x0000000000103c2a                recvclr
 .text          0x0000000000103c8a       0xbf binaries/recvtime.o
                0x0000000000103c8a                recvtime
 .text          0x0000000000103d49      0x170 binaries/resched.o
                0x0000000000103d49                resched
                0x0000000000103e44                resched_cntl
 .text          0x0000000000103eb9       0xb2 binaries/resume.o
                0x0000000000103eb9                resume
 .text          0x0000000000103f6b       0x79 binaries/seek.o
                0x0000000000103f6b                seek
 .text          0x0000000000103fe4       0x70 binaries/semcount.o
                0x0000000000103fe4                semcount
 .text          0x0000000000104054       0xd6 binaries/semcreate.o
                0x0000000000104054                semcreate
 .text          0x000000000010412a       0xcd binaries/semdelete.o
                0x000000000010412a                semdelete
 .text          0x00000000001041f7       0xcb binaries/semreset.o
                0x00000000001041f7                semreset
 .text          0x00000000001042c2       0xee binaries/send.o
                0x00000000001042c2                send
 .text          0x00000000001043b0       0xa8 binaries/signal.o
                0x00000000001043b0                signal
 .text          0x0000000000104458       0xd6 binaries/signaln.o
                0x0000000000104458                signaln
 .text          0x000000000010452e       0xee binaries/sleep.o
                0x000000000010452e                sleep
                0x000000000010457c                sleepms
 .text          0x000000000010461c      0x193 binaries/stacktrace.o
                0x000000000010461c                stacktrace
 .text          0x00000000001047af       0xe8 binaries/suspend.o
                0x00000000001047af                suspend
 .text          0x0000000000104897       0xea binaries/unsleep.o
                0x0000000000104897                unsleep
 .text          0x0000000000104981       0x19 binaries/userret.o
                0x0000000000104981                userret
 .text          0x000000000010499a       0xdf binaries/wait.o
                0x000000000010499a                wait
 .text          0x0000000000104a79       0x72 binaries/wakeup.o
                0x0000000000104a79                wakeup
 .text          0x0000000000104aeb       0x7b binaries/write.o
                0x0000000000104aeb                write
 .text          0x0000000000104b66       0x1d binaries/xdone.o
                0x0000000000104b66                xdone
 .text          0x0000000000104b83       0x28 binaries/yield.o
                0x0000000000104b83                yield
 .text          0x0000000000104bab       0x11 binaries/abs.o
                0x0000000000104bab                abs
 .text          0x0000000000104bbc       0x8f binaries/atoi.o
                0x0000000000104bbc                atoi
 .text          0x0000000000104c4b       0x8f binaries/atol.o
                0x0000000000104c4b                atol
 .text          0x0000000000104cda       0x31 binaries/bzero.o
                0x0000000000104cda                bzero
 .text          0x0000000000104d0b        0x0 binaries/ctype_.o
 .text          0x0000000000104d0b      0x8ed binaries/doprnt.o
                0x0000000000104d0b                _doprnt
 .text          0x00000000001055f8      0x65c binaries/doscan.o
                0x00000000001055f8                _doscan
 .text          0x0000000000105c54      0x711 binaries/fdoprnt.o
                0x0000000000105c54                _fdoprnt
 .text          0x0000000000106365       0x29 binaries/fgetc.o
                0x0000000000106365                fgetc
 .text          0x000000000010638e       0x75 binaries/fgets.o
                0x000000000010638e                fgets
 .text          0x0000000000106403       0x2a binaries/fprintf.o
                0x0000000000106403                fprintf
 .text          0x000000000010642d       0x2c binaries/fputc.o
                0x000000000010642d                fputc
 .text          0x0000000000106459       0x43 binaries/fputs.o
                0x0000000000106459                fputs
 .text          0x000000000010649c       0x8a binaries/fscanf.o
                0x000000000010649c                fscanf
 .text          0x0000000000106526       0x36 binaries/getchar.o
                0x0000000000106526                getchar
 .text          0x000000000010655c       0x11 binaries/labs.o
                0x000000000010655c                labs
 .text          0x000000000010656d        0x0 binaries/memchr.o
 .text          0x000000000010656d       0x51 binaries/memcmp.o
                0x000000000010656d                memcmp
 .text          0x00000000001065be       0x3f binaries/memcpy.o
                0x00000000001065be                memcpy
 .text          0x00000000001065fd       0x30 binaries/memset.o
                0x00000000001065fd                memset
 .text          0x000000000010662d       0x4d binaries/printf.o
                0x000000000010662d                printf
 .text          0x000000000010667a       0x3a binaries/putchar.o
                0x000000000010667a                putchar
 .text          0x00000000001066b4      0x27e binaries/qsort.o
                0x00000000001066b4                qsort
 .text          0x0000000000106932       0x63 binaries/rand.o
                0x0000000000106932                rand
                0x000000000010694a                rand_r
                0x0000000000106988                srand
 .text          0x0000000000106995       0x66 binaries/sprintf.o
                0x0000000000106995                sprintf
 .text          0x00000000001069fb       0x70 binaries/sscanf.o
                0x00000000001069fb                sscanf
 .text          0x0000000000106a6b       0x3c binaries/strchr.o
                0x0000000000106a6b                strchr
 .text          0x0000000000106aa7       0x45 binaries/strcmp.o
                0x0000000000106aa7                strcmp
 .text          0x0000000000106aec       0x27 binaries/strcpy.o
                0x0000000000106aec                strcpy
 .text          0x0000000000106b13       0x26 binaries/strlen.o
                0x0000000000106b13                strlen
 .text          0x0000000000106b39       0x56 binaries/strncat.o
                0x0000000000106b39                strncat
 .text          0x0000000000106b8f       0x5f binaries/strncmp.o
                0x0000000000106b8f                strncmp
 .text          0x0000000000106bee       0x4f binaries/strncpy.o
                0x0000000000106bee                strncpy
 .text          0x0000000000106c3d       0x2e binaries/strnlen.o
                0x0000000000106c3d                strnlen
 .text          0x0000000000106c6b       0x45 binaries/strrchr.o
                0x0000000000106c6b                strrchr
 .text          0x0000000000106cb0       0x6d binaries/strstr.o
                0x0000000000106cb0                strstr
 .text          0x0000000000106d1d       0xe4 binaries/ttycontrol.o
                0x0000000000106d1d                ttycontrol
 .text          0x0000000000106e01       0x97 binaries/ttygetc.o
                0x0000000000106e01                ttygetc
 .text          0x0000000000106e98      0x6ee binaries/ttyhandle_in.o
                0x0000000000106e98                ttyhandle_in
 .text          0x0000000000107586      0x1ae binaries/ttyhandle_out.o
                0x0000000000107586                ttyhandle_out
 .text          0x0000000000107734       0xce binaries/ttyhandler.o
                0x0000000000107734                ttyhandler
 .text          0x0000000000107802      0x22f binaries/ttyinit.o
                0x0000000000107802                ttyinit
 .text          0x0000000000107a31       0x1b binaries/ttykickout.o
                0x0000000000107a31                ttykickout
 .text          0x0000000000107a4c       0xb7 binaries/ttyputc.o
                0x0000000000107a4c                ttyputc
 .text          0x0000000000107b03      0x11b binaries/ttyread.o
                0x0000000000107b03                ttyread
 .text          0x0000000000107c1e       0x4f binaries/ttywrite.o
                0x0000000000107c1e                ttywrite
 .text          0x0000000000107c6d      0x14b binaries/mount.o
                0x0000000000107c6d                mount
                0x0000000000107d82                namlen
 .text          0x0000000000107db8      0x1ea binaries/naminit.o
                0x0000000000107db8                naminit
 .text          0x0000000000107fa2      0x211 binaries/nammap.o
                0x0000000000107fa2                nammap
                0x000000000010802d                namrepl
                0x0000000000108163                namcpy
 .text          0x00000000001081b3       0x4e binaries/namopen.o
                0x00000000001081b3                namopen
 .text          0x0000000000108201      0xec3 binaries/82545EMInit.o
                0x000000000010825f                _82545EMInit
                0x0000000000108f30                _82545EM_read_phy_reg
                0x0000000000108ff6                _82545EM_write_phy_reg
 .text          0x00000000001090c4      0x241 binaries/ethcontrol.o
                0x0000000000109122                ethcontrol
                0x0000000000109298                ethIrqDisable
                0x00000000001092cd                ethIrqEnable
 .text          0x0000000000109305      0x252 binaries/ethhandler.o
                0x0000000000109475                ethhandler
 .text          0x0000000000109557      0x126 binaries/ethinit.o
                0x0000000000109557                ethinit
 .text          0x000000000010967d      0x1f4 binaries/ethread.o
                0x00000000001096db                ethread
 .text          0x0000000000109871      0x19f binaries/ethwrite.o
                0x00000000001098cf                ethwrite
 .text          0x0000000000109a10       0x9e binaries/rdsbufalloc.o
                0x0000000000109a10                rdsbufalloc
 .text          0x0000000000109aae       0xcc binaries/rdsclose.o
                0x0000000000109aae                rdsclose
 .text          0x0000000000109b7a      0x2e8 binaries/rdscomm.o
                0x0000000000109b7a                rdscomm
 .text          0x0000000000109e62      0x233 binaries/rdscontrol.o
                0x0000000000109e62                rdscontrol
 .text          0x000000000010a095      0x1f3 binaries/rdsinit.o
                0x000000000010a095                rdsinit
 .text          0x000000000010a288      0x19b binaries/rdsopen.o
                0x000000000010a288                rdsopen
 .text          0x000000000010a423      0x461 binaries/rdsprocess.o
                0x000000000010a423                rdsprocess
 .text          0x000000000010a884      0x259 binaries/rdsread.o
                0x000000000010a884                rdsread
 .text          0x000000000010aadd      0x1fe binaries/rdswrite.o
                0x000000000010aadd                rdswrite
 .text          0x000000000010acdb        0xa binaries/ramclose.o
                0x000000000010acdb                ramclose
 .text          0x000000000010ace5       0x3e binaries/raminit.o
                0x000000000010ace5                raminit
 .text          0x000000000010ad23        0xa binaries/ramopen.o
                0x000000000010ad23                ramopen
 .text          0x000000000010ad2d       0x32 binaries/ramread.o
                0x000000000010ad2d                ramread
 .text          0x000000000010ad5f       0x32 binaries/ramwrite.o
                0x000000000010ad5f                ramwrite
 .text          0x000000000010ad91       0x98 binaries/lfdballoc.o
                0x000000000010ad91                lfdballoc
 .text          0x000000000010ae29       0x58 binaries/lfdbfree.o
                0x000000000010ae29                lfdbfree
 .text          0x000000000010ae81       0xb6 binaries/lfflush.o
                0x000000000010ae81                lfflush
 .text          0x000000000010af37       0xd8 binaries/lfgetmode.o
                0x000000000010af37                lfgetmode
 .text          0x000000000010b00f       0x68 binaries/lfiballoc.o
                0x000000000010b00f                lfiballoc
 .text          0x000000000010b077       0x3b binaries/lfibclear.o
                0x000000000010b077                lfibclear
 .text          0x000000000010b0b2       0xad binaries/lfibget.o
                0x000000000010b0b2                lfibget
 .text          0x000000000010b15f       0xdc binaries/lfibput.o
                0x000000000010b15f                lfibput
 .text          0x000000000010b23b       0xa2 binaries/lflclose.o
                0x000000000010b23b                lflclose
 .text          0x000000000010b2dd       0xd0 binaries/lflcontrol.o
                0x000000000010b2dd                lflcontrol
 .text          0x000000000010b3ad       0xf2 binaries/lflgetc.o
                0x000000000010b3ad                lflgetc
 .text          0x000000000010b49f       0xf1 binaries/lflinit.o
                0x000000000010b49f                lflinit
 .text          0x000000000010b590      0x122 binaries/lflputc.o
                0x000000000010b590                lflputc
 .text          0x000000000010b6b2       0x70 binaries/lflread.o
                0x000000000010b6b2                lflread
 .text          0x000000000010b722       0xac binaries/lflseek.o
                0x000000000010b722                lflseek
 .text          0x000000000010b7ce       0x55 binaries/lflwrite.o
                0x000000000010b7ce                lflwrite
 .text          0x000000000010b823       0x62 binaries/lfscheck.o
                0x000000000010b823                lfscheck
 .text          0x000000000010b885      0x175 binaries/lfsckfmt.o
                0x000000000010b885                lfsckfmt
 .text          0x000000000010b9fa      0x1ad binaries/lfscreate.o
                0x000000000010b9fa                lfscreate
 .text          0x000000000010bba7      0x278 binaries/lfsetup.o
                0x000000000010bba7                lfsetup
 .text          0x000000000010be1f       0x51 binaries/lfsinit.o
                0x000000000010be1f                lfsinit
 .text          0x000000000010be70      0x3c0 binaries/lfsopen.o
                0x000000000010be70                lfsopen
 .text          0x000000000010c230      0x15e binaries/lftruncate.o
                0x000000000010c230                lftruncate
 .text          0x000000000010c38e       0x71 binaries/rflclose.o
                0x000000000010c38e                rflclose
 .text          0x000000000010c3ff       0x32 binaries/rflgetc.o
                0x000000000010c3ff                rflgetc
 .text          0x000000000010c431       0x76 binaries/rflinit.o
                0x000000000010c431                rflinit
 .text          0x000000000010c4a7       0x33 binaries/rflputc.o
                0x000000000010c4a7                rflputc
 .text          0x000000000010c4da      0x360 binaries/rflread.o
                0x000000000010c4da                rflread
 .text          0x000000000010c83a       0x74 binaries/rflseek.o
                0x000000000010c83a                rflseek
 .text          0x000000000010c8ae      0x34d binaries/rflwrite.o
                0x000000000010c8ae                rflwrite
 .text          0x000000000010cbfb      0x1e2 binaries/rfscomm.o
                0x000000000010cbfb                rfscomm
 .text          0x000000000010cddd      0x26d binaries/rfscontrol.o
                0x000000000010cddd                rfscontrol
 .text          0x000000000010d04a       0xd8 binaries/rfsgetmode.o
                0x000000000010d04a                rfsgetmode
 .text          0x000000000010d122       0x86 binaries/rfsinit.o
                0x000000000010d122                rfsinit
 .text          0x000000000010d1a8      0x111 binaries/rfsndmsg.o
                0x000000000010d1a8                rfsndmsg
 .text          0x000000000010d2b9      0x2aa binaries/rfsopen.o
                0x000000000010d2b9                rfsopen
 .text          0x000000000010d563      0x836 binaries/arp.o
                0x000000000010d563                arp_init
                0x000000000010d595                arp_resolve
                0x000000000010d849                arp_in
                0x000000000010db01                arp_alloc
                0x000000000010dbc1                arp_ntoh
                0x000000000010dcad                arp_hton
 .text          0x000000000010dd99      0x8e3 binaries/dhcp.o
                0x000000000010dd99                dhcp_get_opt_val
                0x000000000010ddf2                dhcp_bld_bootp_msg
                0x000000000010deff                dhcp_bld_disc
                0x000000000010dfe8                dhcp_bld_req
                0x000000000010e15a                getlocalip
 .text          0x000000000010e67c      0x59f binaries/dns.o
                0x000000000010e67c                dnslookup
 .text          0x000000000010ec1b       0xe8 binaries/dot2ip.o
                0x000000000010ec1b                dot2ip
 .text          0x000000000010ed03      0x4c4 binaries/hexdump.o
                0x000000000010ed03                hexdump
                0x000000000010eeaa                hexadump
 .text          0x000000000010f1c7      0x8af binaries/icmp.o
                0x000000000010f1c7                icmp_init
                0x000000000010f1fe                icmp_in
                0x000000000010f3d4                icmp_register
                0x000000000010f4cf                icmp_recv
                0x000000000010f65b                icmp_send
                0x000000000010f6e3                icmp_mkpkt
                0x000000000010f7fd                icmp_release
                0x000000000010f8fb                icmp_cksum
                0x000000000010f98e                icmp_hton
                0x000000000010fa02                icmp_ntoh
 .text          0x000000000010fa76      0x8a5 binaries/ip.o
                0x000000000010fa76                ip_in
                0x000000000010fbfa                ip_send
                0x000000000010fd55                ip_local
                0x000000000010fda1                ip_out
                0x000000000010feda                ipcksum
                0x000000000010ff60                ip_ntoh
                0x000000000011004c                ip_hton
                0x0000000000110138                ipout
                0x0000000000110267                ip_enqueue
 .text          0x000000000011031b      0x2cd binaries/net.o
                0x000000000011031b                net_init
                0x0000000000110443                netin
                0x0000000000110500                eth_hton
                0x000000000011052a                eth_ntoh
                0x0000000000110554                getport
 .text          0x00000000001105e8     0x147f binaries/pdump.o
                0x00000000001105e8                pdump
                0x00000000001113a5                pdumph
 .text          0x0000000000111a67      0x613 binaries/tftp.o
                0x0000000000111a67                tftp_send1
                0x0000000000111bdf                tftpget
                0x0000000000111c11                tftpget_mb
 .text          0x000000000011207a      0xb82 binaries/udp.o
                0x000000000011207a                udp_init
                0x00000000001120af                udp_in
                0x00000000001121f1                udp_register
                0x000000000011232e                udp_recv
                0x00000000001124ca                udp_recvaddr
                0x000000000011267e                udp_send
                0x0000000000112866                udp_sendto
                0x0000000000112a17                udp_release
                0x0000000000112b12                udp_ntoh
                0x0000000000112b87                udp_hton
 .text          0x0000000000112bfc      0x13c binaries/addargs.o
                0x0000000000112bfc                addargs
 .text          0x0000000000112d38      0x2c9 binaries/lexan.o
                0x0000000000112d38                lexan
 .text          0x0000000000113001      0x6ac binaries/shell.o
                0x0000000000113001                shell
 .text          0x00000000001136ad      0x163 binaries/xsh_changedir.o
                0x00000000001136ad                find
                0x0000000000113710                xsh_changedir
 .text          0x0000000000113810      0x1c2 binaries/xsh_createfile.o
                0x0000000000113810                xsh_createfile
 .text          0x00000000001139d2       0x93 binaries/xsh_listdir.o
                0x00000000001139d2                xsh_listdir
 .text          0x0000000000113a65      0x196 binaries/xsh_mkdir.o
                0x0000000000113a65                xsh_mkdir
 .text          0x0000000000113bfb      0x111 binaries/xsh_pathfinder.o
                0x0000000000113bfb                get_path
                0x0000000000113cb9                xsh_pathfinder
 .text          0x0000000000113d0c      0x504 binaries/xsh_search.o
                0x0000000000113d0c                setFlag
                0x0000000000113dac                check
                0x0000000000113dff                searchFile
                0x0000000000113f81                searchFolder
                0x0000000000114067                xsh_search
                0x00000000001141a8                procA
 .text          0x0000000000114210        0xe binaries/clkdisp.o
                0x0000000000114210                clkdisp
 .text          0x000000000011421e       0x19 binaries/ctxsw.o
                0x000000000011421e                ctxsw
 .text          0x0000000000114237      0x36b binaries/intr.o
                0x0000000000114237                disable
                0x0000000000114240                restore
                0x000000000011424e                enable
                0x0000000000114250                pause
                0x0000000000114257                halt
                0x000000000011425d                spurious_irq7
                0x0000000000114262                spurious_irq15
                0x0000000000114271                _Xint0
                0x000000000011427c                _Xint1
                0x0000000000114287                _Xint2
                0x0000000000114292                _Xint3
                0x000000000011429d                _Xint4
                0x00000000001142a8                _Xint5
                0x00000000001142b3                _Xint6
                0x00000000001142be                _Xint7
                0x00000000001142c9                _Xint8
                0x00000000001142d4                _Xint9
                0x00000000001142df                _Xint10
                0x00000000001142ea                _Xint11
                0x00000000001142f8                _Xint12
                0x0000000000114306                _Xint13
                0x0000000000114314                _Xint14
                0x0000000000114322                _Xint15
                0x0000000000114330                _Xint16
                0x000000000011433e                _Xint17
                0x000000000011434c                _Xint18
                0x000000000011435a                _Xint19
                0x0000000000114368                _Xint20
                0x0000000000114376                _Xint21
                0x0000000000114384                _Xint22
                0x0000000000114392                _Xint23
                0x00000000001143a0                _Xint24
                0x00000000001143ae                _Xint25
                0x00000000001143bc                _Xint26
                0x00000000001143ca                _Xint27
                0x00000000001143d8                _Xint28
                0x00000000001143e6                _Xint29
                0x00000000001143f4                _Xint30
                0x0000000000114402                _Xint31
                0x0000000000114410                _Xint32
                0x000000000011441e                _Xint33
                0x000000000011442c                _Xint34
                0x000000000011443a                _Xint35
                0x0000000000114448                _Xint36
                0x0000000000114456                _Xint37
                0x0000000000114464                _Xint38
                0x0000000000114472                _Xint39
                0x0000000000114480                _Xint40
                0x000000000011448e                _Xint41
                0x000000000011449c                _Xint42
                0x00000000001144aa                _Xint43
                0x00000000001144b8                _Xint44
                0x00000000001144c6                _Xint45
                0x00000000001144d4                _Xint46
                0x00000000001144e2                defevec
 .text          0x00000000001145a2        0xf binaries/ttydispatch.o
                0x00000000001145a2                ttydispatch
 .text          0x00000000001145b1       0x13 binaries/ethdispatch.o
                0x00000000001145b1                ethdispatch
 *(.rodata .rodata.*)
 .rodata        0x00000000001145c4       0x8e binaries/ascdate.o
 .rodata        0x0000000000114652       0xae binaries/conf.o
 .rodata        0x0000000000114700        0x7 binaries/create.o
 *fill*         0x0000000000114707        0x1 
 .rodata        0x0000000000114708      0x22f binaries/evec.o
 *fill*         0x0000000000114937        0x1 
 .rodata        0x0000000000114938       0x61 binaries/getutime.o
 *fill*         0x0000000000114999        0x3 
 .rodata        0x000000000011499c       0x90 binaries/i386.o
 .rodata        0x0000000000114a2c      0x181 binaries/initialize.o
 *fill*         0x0000000000114bad        0x3 
 .rodata        0x0000000000114bb0       0x20 binaries/kill.o
 .rodata        0x0000000000114bd0       0xf6 binaries/main.o
 .rodata        0x0000000000114cc6        0xf binaries/panic.o
 *fill*         0x0000000000114cd5        0x3 
 .rodata        0x0000000000114cd8      0x1ec binaries/pci.o
 .rodata        0x0000000000114ec4       0x1d binaries/ptinit.o
 *fill*         0x0000000000114ee1        0x3 
 .rodata        0x0000000000114ee4       0x25 binaries/ptsend.o
 *fill*         0x0000000000114f09        0x3 
 .rodata        0x0000000000114f0c       0xb7 binaries/stacktrace.o
 *fill*         0x0000000000114fc3        0x1 
 .rodata        0x0000000000114fc4       0x27 binaries/xdone.o
 *fill*         0x0000000000114feb       0x15 
 .rodata        0x0000000000115000       0x81 binaries/ctype_.o
                0x0000000000115000                _ctype_
 *fill*         0x0000000000115081        0x3 
 .rodata        0x0000000000115084       0xee binaries/doprnt.o
 *fill*         0x0000000000115172        0x2 
 .rodata        0x0000000000115174       0x98 binaries/doscan.o
 .rodata        0x000000000011520c       0xae binaries/fdoprnt.o
 *fill*         0x00000000001152ba        0x2 
 .rodata        0x00000000001152bc       0x20 binaries/ttycontrol.o
 .rodata        0x00000000001152dc       0x34 binaries/ttyhandler.o
 .rodata        0x0000000000115310       0x80 binaries/naminit.o
 .rodata        0x0000000000115390       0x2e binaries/82545EMInit.o
 *fill*         0x00000000001153be        0x2 
 .rodata        0x00000000001153c0       0x78 binaries/ethinit.o
 .rodata        0x0000000000115438       0x18 binaries/ethread.o
 .rodata        0x0000000000115450       0x2c binaries/rdsbufalloc.o
 .rodata        0x000000000011547c       0x76 binaries/rdscomm.o
 *fill*         0x00000000001154f2        0x2 
 .rodata        0x00000000001154f4       0x48 binaries/rdscontrol.o
 .rodata        0x000000000011553c       0x96 binaries/rdsinit.o
 *fill*         0x00000000001155d2        0x2 
 .rodata        0x00000000001155d4       0x22 binaries/rdsopen.o
 *fill*         0x00000000001155f6        0x2 
 .rodata        0x00000000001155f8       0x4d binaries/rdsprocess.o
 .rodata        0x0000000000115645        0x9 binaries/raminit.o
 *fill*         0x000000000011564e        0x2 
 .rodata        0x0000000000115650       0x37 binaries/lfdballoc.o
 .rodata        0x0000000000115687       0x14 binaries/lfiballoc.o
 *fill*         0x000000000011569b        0x1 
 .rodata        0x000000000011569c       0x23 binaries/lflcontrol.o
 *fill*         0x00000000001156bf        0x1 
 .rodata        0x00000000001156c0      0x11b binaries/lfsckfmt.o
 *fill*         0x00000000001157db        0x1 
 .rodata        0x00000000001157dc       0x2a binaries/lfsopen.o
 *fill*         0x0000000000115806        0x2 
 .rodata        0x0000000000115808       0x21 binaries/rflread.o
 *fill*         0x0000000000115829        0x3 
 .rodata        0x000000000011582c       0x21 binaries/rflwrite.o
 *fill*         0x000000000011584d        0x3 
 .rodata        0x0000000000115850       0x75 binaries/rfscomm.o
 *fill*         0x00000000001158c5        0x3 
 .rodata        0x00000000001158c8       0x3c binaries/rfscontrol.o
 .rodata        0x0000000000115904       0x63 binaries/rfsinit.o
 *fill*         0x0000000000115967        0x1 
 .rodata        0x0000000000115968       0x2a binaries/rfsndmsg.o
 *fill*         0x0000000000115992        0x2 
 .rodata        0x0000000000115994       0x22 binaries/rfsopen.o
 *fill*         0x00000000001159b6        0x2 
 .rodata        0x00000000001159b8       0x3a binaries/arp.o
 *fill*         0x00000000001159f2        0x2 
 .rodata        0x00000000001159f4       0xcf binaries/dhcp.o
 .rodata        0x0000000000115ac3       0x1a binaries/dns.o
 *fill*         0x0000000000115add        0x3 
 .rodata        0x0000000000115ae0       0xc9 binaries/hexdump.o
 *fill*         0x0000000000115ba9        0x3 
 .rodata        0x0000000000115bac       0x29 binaries/icmp.o
 *fill*         0x0000000000115bd5        0x3 
 .rodata        0x0000000000115bd8       0x6e binaries/ip.o
 *fill*         0x0000000000115c46        0x2 
 .rodata        0x0000000000115c48       0x4f binaries/net.o
 *fill*         0x0000000000115c97        0x1 
 .rodata        0x0000000000115c98      0x26f binaries/pdump.o
 *fill*         0x0000000000115f07        0x1 
 .rodata        0x0000000000115f08      0x154 binaries/tftp.o
 *fill*         0x000000000011605c        0x4 
 .rodata        0x0000000000116060      0x2ad binaries/shell.o
                0x0000000000116080                cmdtab
 *fill*         0x000000000011630d        0x3 
 .rodata        0x0000000000116310       0x2c binaries/xsh_changedir.o
 .rodata        0x000000000011633c       0x23 binaries/xsh_createfile.o
 .rodata        0x000000000011635f        0x4 binaries/xsh_listdir.o
 .rodata        0x0000000000116363       0x20 binaries/xsh_mkdir.o
 .rodata        0x0000000000116383        0xd binaries/xsh_pathfinder.o
 .rodata        0x0000000000116390        0xf binaries/xsh_search.o
                0x000000000011639f                etext = ABSOLUTE (.)
                0x0000000000117000                . = ALIGN (0x1000)
 *fill*         0x000000000011639f      0xc61 

.eh_frame       0x0000000000117000     0x2a90
 .eh_frame      0x0000000000117000       0x38 binaries/ascdate.o
 .eh_frame      0x0000000000117038       0x20 binaries/bufinit.o
                                         0x38 (size before relaxing)
 .eh_frame      0x0000000000117058       0x20 binaries/chprio.o
                                         0x38 (size before relaxing)
 .eh_frame      0x0000000000117078       0x20 binaries/clkhandler.o
                                         0x38 (size before relaxing)
 .eh_frame      0x0000000000117098       0x20 binaries/clkinit.o
                                         0x38 (size before relaxing)
 .eh_frame      0x00000000001170b8       0x20 binaries/close.o
                                         0x38 (size before relaxing)
 .eh_frame      0x00000000001170d8       0x20 binaries/control.o
                                         0x38 (size before relaxing)
 .eh_frame      0x00000000001170f8       0x40 binaries/create.o
                                         0x58 (size before relaxing)
 .eh_frame      0x0000000000117138       0x60 binaries/evec.o
                                         0x78 (size before relaxing)
 .eh_frame      0x0000000000117198       0x20 binaries/exit.o
                                         0x38 (size before relaxing)
 .eh_frame      0x00000000001171b8       0x20 binaries/freebuf.o
                                         0x38 (size before relaxing)
 .eh_frame      0x00000000001171d8       0x20 binaries/freemem.o
                                         0x38 (size before relaxing)
 .eh_frame      0x00000000001171f8       0x20 binaries/getbuf.o
                                         0x38 (size before relaxing)
 .eh_frame      0x0000000000117218       0x20 binaries/getc.o
                                         0x38 (size before relaxing)
 .eh_frame      0x0000000000117238       0x20 binaries/getdev.o
                                         0x38 (size before relaxing)
 .eh_frame      0x0000000000117258       0x60 binaries/getitem.o
                                         0x78 (size before relaxing)
 .eh_frame      0x00000000001172b8       0x20 binaries/getmem.o
                                         0x38 (size before relaxing)
 .eh_frame      0x00000000001172d8       0x20 binaries/getpid.o
                                         0x38 (size before relaxing)
 .eh_frame      0x00000000001172f8       0x20 binaries/getprio.o
                                         0x38 (size before relaxing)
 .eh_frame      0x0000000000117318       0x20 binaries/getstk.o
                                         0x38 (size before relaxing)
 .eh_frame      0x0000000000117338       0x20 binaries/getticks.o
                                         0x38 (size before relaxing)
 .eh_frame      0x0000000000117358       0x20 binaries/gettime.o
                                         0x38 (size before relaxing)
 .eh_frame      0x0000000000117378       0x20 binaries/getutime.o
                                         0x38 (size before relaxing)
 .eh_frame      0x0000000000117398       0x8c binaries/i386.o
                                         0xa4 (size before relaxing)
 .eh_frame      0x0000000000117424       0x20 binaries/init.o
                                         0x38 (size before relaxing)
 .eh_frame      0x0000000000117444       0xa0 binaries/initialize.o
                                         0xb8 (size before relaxing)
 .eh_frame      0x00000000001174e4       0x20 binaries/insert.o
                                         0x38 (size before relaxing)
 .eh_frame      0x0000000000117504       0x20 binaries/insertd.o
                                         0x38 (size before relaxing)
 .eh_frame      0x0000000000117524       0x20 binaries/ioerr.o
                                         0x38 (size before relaxing)
 .eh_frame      0x0000000000117544       0x20 binaries/ionull.o
                                         0x38 (size before relaxing)
 .eh_frame      0x0000000000117564       0x20 binaries/kill.o
                                         0x38 (size before relaxing)
 .eh_frame      0x0000000000117584       0x60 binaries/kprintf.o
                                         0x78 (size before relaxing)
 .eh_frame      0x00000000001175e4       0x24 binaries/main.o
                                         0x3c (size before relaxing)
 .eh_frame      0x0000000000117608       0x40 binaries/mark.o
                                         0x58 (size before relaxing)
 .eh_frame      0x0000000000117648       0x20 binaries/meminit.o
                                         0x38 (size before relaxing)
 .eh_frame      0x0000000000117668       0x20 binaries/mkbufpool.o
                                         0x38 (size before relaxing)
 .eh_frame      0x0000000000117688       0x20 binaries/newqueue.o
                                         0x38 (size before relaxing)
 .eh_frame      0x00000000001176a8       0x20 binaries/open.o
                                         0x38 (size before relaxing)
 .eh_frame      0x00000000001176c8       0x1c binaries/panic.o
                                         0x34 (size before relaxing)
 .eh_frame      0x00000000001176e4      0x1c8 binaries/pci.o
                                        0x1e0 (size before relaxing)
 .eh_frame      0x00000000001178ac       0x20 binaries/ptclear.o
                                         0x38 (size before relaxing)
 .eh_frame      0x00000000001178cc       0x20 binaries/ptcount.o
                                         0x38 (size before relaxing)
 .eh_frame      0x00000000001178ec       0x20 binaries/ptcreate.o
                                         0x38 (size before relaxing)
 .eh_frame      0x000000000011790c       0x20 binaries/ptdelete.o
                                         0x38 (size before relaxing)
 .eh_frame      0x000000000011792c       0x20 binaries/ptinit.o
                                         0x38 (size before relaxing)
 .eh_frame      0x000000000011794c       0x20 binaries/ptrecv.o
                                         0x38 (size before relaxing)
 .eh_frame      0x000000000011796c       0x20 binaries/ptreset.o
                                         0x38 (size before relaxing)
 .eh_frame      0x000000000011798c       0x20 binaries/ptsend.o
                                         0x38 (size before relaxing)
 .eh_frame      0x00000000001179ac       0x20 binaries/putc.o
                                         0x38 (size before relaxing)
 .eh_frame      0x00000000001179cc       0x40 binaries/queue.o
                                         0x58 (size before relaxing)
 .eh_frame      0x0000000000117a0c       0x20 binaries/read.o
                                         0x38 (size before relaxing)
 .eh_frame      0x0000000000117a2c       0x24 binaries/ready.o
                                         0x3c (size before relaxing)
 .eh_frame      0x0000000000117a50       0x20 binaries/receive.o
                                         0x38 (size before relaxing)
 .eh_frame      0x0000000000117a70       0x20 binaries/recvclr.o
                                         0x38 (size before relaxing)
 .eh_frame      0x0000000000117a90       0x20 binaries/recvtime.o
                                         0x38 (size before relaxing)
 .eh_frame      0x0000000000117ab0       0x40 binaries/resched.o
                                         0x58 (size before relaxing)
 .eh_frame      0x0000000000117af0       0x20 binaries/resume.o
                                         0x38 (size before relaxing)
 .eh_frame      0x0000000000117b10       0x20 binaries/seek.o
                                         0x38 (size before relaxing)
 .eh_frame      0x0000000000117b30       0x20 binaries/semcount.o
                                         0x38 (size before relaxing)
 .eh_frame      0x0000000000117b50       0x40 binaries/semcreate.o
                                         0x58 (size before relaxing)
 .eh_frame      0x0000000000117b90       0x20 binaries/semdelete.o
                                         0x38 (size before relaxing)
 .eh_frame      0x0000000000117bb0       0x20 binaries/semreset.o
                                         0x38 (size before relaxing)
 .eh_frame      0x0000000000117bd0       0x20 binaries/send.o
                                         0x38 (size before relaxing)
 .eh_frame      0x0000000000117bf0       0x20 binaries/signal.o
                                         0x38 (size before relaxing)
 .eh_frame      0x0000000000117c10       0x20 binaries/signaln.o
                                         0x38 (size before relaxing)
 .eh_frame      0x0000000000117c30       0x40 binaries/sleep.o
                                         0x58 (size before relaxing)
 .eh_frame      0x0000000000117c70       0x20 binaries/stacktrace.o
                                         0x38 (size before relaxing)
 .eh_frame      0x0000000000117c90       0x20 binaries/suspend.o
                                         0x38 (size before relaxing)
 .eh_frame      0x0000000000117cb0       0x20 binaries/unsleep.o
                                         0x38 (size before relaxing)
 .eh_frame      0x0000000000117cd0       0x20 binaries/userret.o
                                         0x38 (size before relaxing)
 .eh_frame      0x0000000000117cf0       0x20 binaries/wait.o
                                         0x38 (size before relaxing)
 .eh_frame      0x0000000000117d10       0x20 binaries/wakeup.o
                                         0x38 (size before relaxing)
 .eh_frame      0x0000000000117d30       0x20 binaries/write.o
                                         0x38 (size before relaxing)
 .eh_frame      0x0000000000117d50       0x20 binaries/xdone.o
                                         0x38 (size before relaxing)
 .eh_frame      0x0000000000117d70       0x20 binaries/yield.o
                                         0x38 (size before relaxing)
 .eh_frame      0x0000000000117d90       0x20 binaries/abs.o
                                         0x38 (size before relaxing)
 .eh_frame      0x0000000000117db0       0x20 binaries/atoi.o
                                         0x38 (size before relaxing)
 .eh_frame      0x0000000000117dd0       0x20 binaries/atol.o
                                         0x38 (size before relaxing)
 .eh_frame      0x0000000000117df0       0x20 binaries/bzero.o
                                         0x38 (size before relaxing)
 .eh_frame      0x0000000000117e10       0xe0 binaries/doprnt.o
                                         0xf8 (size before relaxing)
 .eh_frame      0x0000000000117ef0       0xb0 binaries/doscan.o
                                         0xc8 (size before relaxing)
 .eh_frame      0x0000000000117fa0       0xc0 binaries/fdoprnt.o
                                         0xd8 (size before relaxing)
 .eh_frame      0x0000000000118060       0x20 binaries/fgetc.o
                                         0x38 (size before relaxing)
 .eh_frame      0x0000000000118080       0x20 binaries/fgets.o
                                         0x38 (size before relaxing)
 .eh_frame      0x00000000001180a0       0x20 binaries/fprintf.o
                                         0x38 (size before relaxing)
 .eh_frame      0x00000000001180c0       0x20 binaries/fputc.o
                                         0x38 (size before relaxing)
 .eh_frame      0x00000000001180e0       0x20 binaries/fputs.o
                                         0x38 (size before relaxing)
 .eh_frame      0x0000000000118100       0x60 binaries/fscanf.o
                                         0x78 (size before relaxing)
 .eh_frame      0x0000000000118160       0x20 binaries/getchar.o
                                         0x38 (size before relaxing)
 .eh_frame      0x0000000000118180       0x20 binaries/labs.o
                                         0x38 (size before relaxing)
 .eh_frame      0x00000000001181a0       0x20 binaries/memcmp.o
                                         0x38 (size before relaxing)
 .eh_frame      0x00000000001181c0       0x24 binaries/memcpy.o
                                         0x3c (size before relaxing)
 .eh_frame      0x00000000001181e4       0x24 binaries/memset.o
                                         0x3c (size before relaxing)
 .eh_frame      0x0000000000118208       0x20 binaries/printf.o
                                         0x38 (size before relaxing)
 .eh_frame      0x0000000000118228       0x20 binaries/putchar.o
                                         0x38 (size before relaxing)
 .eh_frame      0x0000000000118248       0xa8 binaries/qsort.o
                                         0xc0 (size before relaxing)
 .eh_frame      0x00000000001182f0       0x60 binaries/rand.o
                                         0x78 (size before relaxing)
 .eh_frame      0x0000000000118350       0x40 binaries/sprintf.o
                                         0x58 (size before relaxing)
 .eh_frame      0x0000000000118390       0x60 binaries/sscanf.o
                                         0x78 (size before relaxing)
 .eh_frame      0x00000000001183f0       0x20 binaries/strchr.o
                                         0x38 (size before relaxing)
 .eh_frame      0x0000000000118410       0x20 binaries/strcmp.o
                                         0x38 (size before relaxing)
 .eh_frame      0x0000000000118430       0x20 binaries/strcpy.o
                                         0x38 (size before relaxing)
 .eh_frame      0x0000000000118450       0x20 binaries/strlen.o
                                         0x38 (size before relaxing)
 .eh_frame      0x0000000000118470       0x20 binaries/strncat.o
                                         0x38 (size before relaxing)
 .eh_frame      0x0000000000118490       0x20 binaries/strncmp.o
                                         0x38 (size before relaxing)
 .eh_frame      0x00000000001184b0       0x28 binaries/strncpy.o
                                         0x40 (size before relaxing)
 .eh_frame      0x00000000001184d8       0x20 binaries/strnlen.o
                                         0x38 (size before relaxing)
 .eh_frame      0x00000000001184f8       0x20 binaries/strrchr.o
                                         0x38 (size before relaxing)
 .eh_frame      0x0000000000118518       0x20 binaries/strstr.o
                                         0x38 (size before relaxing)
 .eh_frame      0x0000000000118538       0x20 binaries/ttycontrol.o
                                         0x38 (size before relaxing)
 .eh_frame      0x0000000000118558       0x20 binaries/ttygetc.o
                                         0x38 (size before relaxing)
 .eh_frame      0x0000000000118578       0x80 binaries/ttyhandle_in.o
                                         0x98 (size before relaxing)
 .eh_frame      0x00000000001185f8       0x20 binaries/ttyhandle_out.o
                                         0x38 (size before relaxing)
 .eh_frame      0x0000000000118618       0x20 binaries/ttyhandler.o
                                         0x38 (size before relaxing)
 .eh_frame      0x0000000000118638       0x20 binaries/ttyinit.o
                                         0x38 (size before relaxing)
 .eh_frame      0x0000000000118658       0x20 binaries/ttykickout.o
                                         0x38 (size before relaxing)
 .eh_frame      0x0000000000118678       0x20 binaries/ttyputc.o
                                         0x38 (size before relaxing)
 .eh_frame      0x0000000000118698       0x24 binaries/ttyread.o
                                         0x3c (size before relaxing)
 .eh_frame      0x00000000001186bc       0x20 binaries/ttywrite.o
                                         0x38 (size before relaxing)
 .eh_frame      0x00000000001186dc       0x40 binaries/mount.o
                                         0x58 (size before relaxing)
 .eh_frame      0x000000000011871c       0x20 binaries/naminit.o
                                         0x38 (size before relaxing)
 .eh_frame      0x000000000011873c       0x60 binaries/nammap.o
                                         0x78 (size before relaxing)
 .eh_frame      0x000000000011879c       0x20 binaries/namopen.o
                                         0x38 (size before relaxing)
 .eh_frame      0x00000000001187bc      0x150 binaries/82545EMInit.o
                                        0x168 (size before relaxing)
 .eh_frame      0x000000000011890c       0xa0 binaries/ethcontrol.o
                                         0xb8 (size before relaxing)
 .eh_frame      0x00000000001189ac       0x80 binaries/ethhandler.o
                                         0x98 (size before relaxing)
 .eh_frame      0x0000000000118a2c       0x20 binaries/ethinit.o
                                         0x38 (size before relaxing)
 .eh_frame      0x0000000000118a4c       0x60 binaries/ethread.o
                                         0x78 (size before relaxing)
 .eh_frame      0x0000000000118aac       0x60 binaries/ethwrite.o
                                         0x78 (size before relaxing)
 .eh_frame      0x0000000000118b0c       0x20 binaries/rdsbufalloc.o
                                         0x38 (size before relaxing)
 .eh_frame      0x0000000000118b2c       0x20 binaries/rdsclose.o
                                         0x38 (size before relaxing)
 .eh_frame      0x0000000000118b4c       0x20 binaries/rdscomm.o
                                         0x38 (size before relaxing)
 .eh_frame      0x0000000000118b6c       0x20 binaries/rdscontrol.o
                                         0x38 (size before relaxing)
 .eh_frame      0x0000000000118b8c       0x20 binaries/rdsinit.o
                                         0x38 (size before relaxing)
 .eh_frame      0x0000000000118bac       0x20 binaries/rdsopen.o
                                         0x38 (size before relaxing)
 .eh_frame      0x0000000000118bcc       0x1c binaries/rdsprocess.o
                                         0x34 (size before relaxing)
 .eh_frame      0x0000000000118be8       0x20 binaries/rdsread.o
                                         0x38 (size before relaxing)
 .eh_frame      0x0000000000118c08       0x20 binaries/rdswrite.o
                                         0x38 (size before relaxing)
 .eh_frame      0x0000000000118c28       0x20 binaries/ramclose.o
                                         0x38 (size before relaxing)
 .eh_frame      0x0000000000118c48       0x20 binaries/raminit.o
                                         0x38 (size before relaxing)
 .eh_frame      0x0000000000118c68       0x20 binaries/ramopen.o
                                         0x38 (size before relaxing)
 .eh_frame      0x0000000000118c88       0x20 binaries/ramread.o
                                         0x38 (size before relaxing)
 .eh_frame      0x0000000000118ca8       0x20 binaries/ramwrite.o
                                         0x38 (size before relaxing)
 .eh_frame      0x0000000000118cc8       0x20 binaries/lfdballoc.o
                                         0x38 (size before relaxing)
 .eh_frame      0x0000000000118ce8       0x20 binaries/lfdbfree.o
                                         0x38 (size before relaxing)
 .eh_frame      0x0000000000118d08       0x20 binaries/lfflush.o
                                         0x38 (size before relaxing)
 .eh_frame      0x0000000000118d28       0x20 binaries/lfgetmode.o
                                         0x38 (size before relaxing)
 .eh_frame      0x0000000000118d48       0x20 binaries/lfiballoc.o
                                         0x38 (size before relaxing)
 .eh_frame      0x0000000000118d68       0x20 binaries/lfibclear.o
                                         0x38 (size before relaxing)
 .eh_frame      0x0000000000118d88       0x20 binaries/lfibget.o
                                         0x38 (size before relaxing)
 .eh_frame      0x0000000000118da8       0x20 binaries/lfibput.o
                                         0x38 (size before relaxing)
 .eh_frame      0x0000000000118dc8       0x20 binaries/lflclose.o
                                         0x38 (size before relaxing)
 .eh_frame      0x0000000000118de8       0x20 binaries/lflcontrol.o
                                         0x38 (size before relaxing)
 .eh_frame      0x0000000000118e08       0x20 binaries/lflgetc.o
                                         0x38 (size before relaxing)
 .eh_frame      0x0000000000118e28       0x20 binaries/lflinit.o
                                         0x38 (size before relaxing)
 .eh_frame      0x0000000000118e48       0x20 binaries/lflputc.o
                                         0x38 (size before relaxing)
 .eh_frame      0x0000000000118e68       0x20 binaries/lflread.o
                                         0x38 (size before relaxing)
 .eh_frame      0x0000000000118e88       0x20 binaries/lflseek.o
                                         0x38 (size before relaxing)
 .eh_frame      0x0000000000118ea8       0x20 binaries/lflwrite.o
                                         0x38 (size before relaxing)
 .eh_frame      0x0000000000118ec8       0x20 binaries/lfscheck.o
                                         0x38 (size before relaxing)
 .eh_frame      0x0000000000118ee8       0x20 binaries/lfsckfmt.o
                                         0x38 (size before relaxing)
 .eh_frame      0x0000000000118f08       0x20 binaries/lfscreate.o
                                         0x38 (size before relaxing)
 .eh_frame      0x0000000000118f28       0x20 binaries/lfsetup.o
                                         0x38 (size before relaxing)
 .eh_frame      0x0000000000118f48       0x20 binaries/lfsinit.o
                                         0x38 (size before relaxing)
 .eh_frame      0x0000000000118f68       0x20 binaries/lfsopen.o
                                         0x38 (size before relaxing)
 .eh_frame      0x0000000000118f88       0x20 binaries/lftruncate.o
                                         0x38 (size before relaxing)
 .eh_frame      0x0000000000118fa8       0x20 binaries/rflclose.o
                                         0x38 (size before relaxing)
 .eh_frame      0x0000000000118fc8       0x20 binaries/rflgetc.o
                                         0x38 (size before relaxing)
 .eh_frame      0x0000000000118fe8       0x20 binaries/rflinit.o
                                         0x38 (size before relaxing)
 .eh_frame      0x0000000000119008       0x20 binaries/rflputc.o
                                         0x38 (size before relaxing)
 .eh_frame      0x0000000000119028       0x20 binaries/rflread.o
                                         0x38 (size before relaxing)
 .eh_frame      0x0000000000119048       0x20 binaries/rflseek.o
                                         0x38 (size before relaxing)
 .eh_frame      0x0000000000119068       0x20 binaries/rflwrite.o
                                         0x38 (size before relaxing)
 .eh_frame      0x0000000000119088       0x20 binaries/rfscomm.o
                                         0x38 (size before relaxing)
 .eh_frame      0x00000000001190a8       0x20 binaries/rfscontrol.o
                                         0x38 (size before relaxing)
 .eh_frame      0x00000000001190c8       0x20 binaries/rfsgetmode.o
                                         0x38 (size before relaxing)
 .eh_frame      0x00000000001190e8       0x20 binaries/rfsinit.o
                                         0x38 (size before relaxing)
 .eh_frame      0x0000000000119108       0x20 binaries/rfsndmsg.o
                                         0x38 (size before relaxing)
 .eh_frame      0x0000000000119128       0x20 binaries/rfsopen.o
                                         0x38 (size before relaxing)
 .eh_frame      0x0000000000119148       0xc0 binaries/arp.o
                                         0xd8 (size before relaxing)
 .eh_frame      0x0000000000119208       0xa0 binaries/dhcp.o
                                         0xb8 (size before relaxing)
 .eh_frame      0x00000000001192a8       0x80 binaries/dns.o
                                         0x98 (size before relaxing)
 .eh_frame      0x0000000000119328       0x20 binaries/dot2ip.o
                                         0x38 (size before relaxing)
 .eh_frame      0x0000000000119348       0x40 binaries/hexdump.o
                                         0x58 (size before relaxing)
 .eh_frame      0x0000000000119388      0x14c binaries/icmp.o
                                        0x164 (size before relaxing)
 .eh_frame      0x00000000001194d4      0x11c binaries/ip.o
                                        0x134 (size before relaxing)
 .eh_frame      0x00000000001195f0       0xa0 binaries/net.o
                                         0xb8 (size before relaxing)
 .eh_frame      0x0000000000119690       0x60 binaries/pdump.o
                                         0x78 (size before relaxing)
 .eh_frame      0x00000000001196f0       0x60 binaries/tftp.o
                                         0x78 (size before relaxing)
 .eh_frame      0x0000000000119750      0x140 binaries/udp.o
                                        0x158 (size before relaxing)
 .eh_frame      0x0000000000119890       0x20 binaries/addargs.o
                                         0x38 (size before relaxing)
 .eh_frame      0x00000000001198b0       0x20 binaries/lexan.o
                                         0x38 (size before relaxing)
 .eh_frame      0x00000000001198d0       0x20 binaries/shell.o
                                         0x38 (size before relaxing)
 .eh_frame      0x00000000001198f0       0x40 binaries/xsh_changedir.o
                                         0x58 (size before relaxing)
 .eh_frame      0x0000000000119930       0x20 binaries/xsh_createfile.o
                                         0x38 (size before relaxing)
 .eh_frame      0x0000000000119950       0x20 binaries/xsh_listdir.o
                                         0x38 (size before relaxing)
 .eh_frame      0x0000000000119970       0x20 binaries/xsh_mkdir.o
                                         0x38 (size before relaxing)
 .eh_frame      0x0000000000119990       0x40 binaries/xsh_pathfinder.o
                                         0x58 (size before relaxing)
 .eh_frame      0x00000000001199d0       0xc0 binaries/xsh_search.o
                                         0xd8 (size before relaxing)

.iplt           0x0000000000119a90        0x0
 .iplt          0x0000000000119a90        0x0 binaries/start.o

.rel.dyn        0x0000000000119a90        0x0
 .rel.iplt      0x0000000000119a90        0x0 binaries/start.o
 .rel.text      0x0000000000119a90        0x0 binaries/start.o
 .rel.data      0x0000000000119a90        0x0 binaries/start.o
 .rel.rodata    0x0000000000119a90        0x0 binaries/start.o

.data           0x0000000000119aa0     0x1560
                0x0000000000119aa0                data = ABSOLUTE (.)
 *(.data .data.*)
 .data          0x0000000000119aa0      0x460 binaries/start.o
                0x0000000000119aa0                gdt
                0x0000000000119ae0                gdtr
                0x0000000000119ae6                idt
                0x0000000000119ee6                idtr
                0x0000000000119eec                cpudelay
                0x0000000000119ef0                _bootdev
                0x0000000000119ef4                _cyloffset
 .data          0x0000000000119f00       0x88 binaries/ascdate.o
                0x0000000000119f00                Date
 .data          0x0000000000119f88        0x0 binaries/bufinit.o
 .data          0x0000000000119f88        0x0 binaries/chprio.o
 .data          0x0000000000119f88        0x4 binaries/clkhandler.o
 .data          0x0000000000119f8c        0x0 binaries/clkinit.o
 .data          0x0000000000119f8c        0x0 binaries/close.o
 *fill*         0x0000000000119f8c       0x14 
 .data          0x0000000000119fa0      0x5a0 binaries/conf.o
                0x0000000000119fa0                devtab
 .data          0x000000000011a540        0x0 binaries/control.o
 .data          0x000000000011a540        0x4 binaries/create.o
 *fill*         0x000000000011a544       0x1c 
 .data          0x000000000011a560       0x40 binaries/evec.o
                0x000000000011a560                inames
 .data          0x000000000011a5a0        0x0 binaries/exit.o
 .data          0x000000000011a5a0        0x0 binaries/freebuf.o
 .data          0x000000000011a5a0        0x0 binaries/freemem.o
 .data          0x000000000011a5a0        0x0 binaries/getbuf.o
 .data          0x000000000011a5a0        0x0 binaries/getc.o
 .data          0x000000000011a5a0        0x0 binaries/getdev.o
 .data          0x000000000011a5a0        0x0 binaries/getitem.o
 .data          0x000000000011a5a0        0x0 binaries/getmem.o
 .data          0x000000000011a5a0        0x0 binaries/getpid.o
 .data          0x000000000011a5a0        0x0 binaries/getprio.o
 .data          0x000000000011a5a0        0x0 binaries/getstk.o
 .data          0x000000000011a5a0        0x0 binaries/getticks.o
 .data          0x000000000011a5a0        0x0 binaries/gettime.o
 .data          0x000000000011a5a0        0x0 binaries/getutime.o
 .data          0x000000000011a5a0       0x40 binaries/i386.o
                0x000000000011a5a0                gdt_copy
 .data          0x000000000011a5e0        0x0 binaries/init.o
 .data          0x000000000011a5e0        0x0 binaries/initialize.o
 .data          0x000000000011a5e0        0x0 binaries/insert.o
 .data          0x000000000011a5e0        0x0 binaries/insertd.o
 .data          0x000000000011a5e0        0x0 binaries/ioerr.o
 .data          0x000000000011a5e0        0x0 binaries/ionull.o
 .data          0x000000000011a5e0        0x0 binaries/kill.o
 .data          0x000000000011a5e0        0x0 binaries/kprintf.o
 .data          0x000000000011a5e0        0x0 binaries/main.o
 .data          0x000000000011a5e0        0x0 binaries/mark.o
 .data          0x000000000011a5e0        0x0 binaries/meminit.o
 .data          0x000000000011a5e0        0x0 binaries/mkbufpool.o
 .data          0x000000000011a5e0        0x2 binaries/newqueue.o
 .data          0x000000000011a5e2        0x0 binaries/open.o
 .data          0x000000000011a5e2        0x0 binaries/panic.o
 *fill*         0x000000000011a5e2        0x2 
 .data          0x000000000011a5e4       0x10 binaries/pci.o
 .data          0x000000000011a5f4        0x0 binaries/ptclear.o
 .data          0x000000000011a5f4        0x0 binaries/ptcount.o
 .data          0x000000000011a5f4        0x0 binaries/ptcreate.o
 .data          0x000000000011a5f4        0x0 binaries/ptdelete.o
 .data          0x000000000011a5f4        0x0 binaries/ptinit.o
 .data          0x000000000011a5f4        0x0 binaries/ptrecv.o
 .data          0x000000000011a5f4        0x0 binaries/ptreset.o
 .data          0x000000000011a5f4        0x0 binaries/ptsend.o
 .data          0x000000000011a5f4        0x0 binaries/putc.o
 .data          0x000000000011a5f4        0x0 binaries/queue.o
 .data          0x000000000011a5f4        0x0 binaries/read.o
 .data          0x000000000011a5f4        0x0 binaries/ready.o
 .data          0x000000000011a5f4        0x0 binaries/receive.o
 .data          0x000000000011a5f4        0x0 binaries/recvclr.o
 .data          0x000000000011a5f4        0x0 binaries/recvtime.o
 .data          0x000000000011a5f4        0x0 binaries/resched.o
 .data          0x000000000011a5f4        0x0 binaries/resume.o
 .data          0x000000000011a5f4        0x0 binaries/seek.o
 .data          0x000000000011a5f4        0x0 binaries/semcount.o
 .data          0x000000000011a5f4        0x0 binaries/semcreate.o
 .data          0x000000000011a5f4        0x0 binaries/semdelete.o
 .data          0x000000000011a5f4        0x0 binaries/semreset.o
 .data          0x000000000011a5f4        0x0 binaries/send.o
 .data          0x000000000011a5f4        0x0 binaries/signal.o
 .data          0x000000000011a5f4        0x0 binaries/signaln.o
 .data          0x000000000011a5f4        0x0 binaries/sleep.o
 .data          0x000000000011a5f4        0x0 binaries/stacktrace.o
 .data          0x000000000011a5f4        0x0 binaries/suspend.o
 .data          0x000000000011a5f4        0x0 binaries/unsleep.o
 .data          0x000000000011a5f4        0x0 binaries/userret.o
 .data          0x000000000011a5f4        0x0 binaries/wait.o
 .data          0x000000000011a5f4        0x0 binaries/wakeup.o
 .data          0x000000000011a5f4        0x0 binaries/write.o
 .data          0x000000000011a5f4        0x0 binaries/xdone.o
 .data          0x000000000011a5f4        0x0 binaries/yield.o
 .data          0x000000000011a5f4        0x0 binaries/abs.o
 .data          0x000000000011a5f4        0x0 binaries/atoi.o
 .data          0x000000000011a5f4        0x0 binaries/atol.o
 .data          0x000000000011a5f4        0x0 binaries/bzero.o
 .data          0x000000000011a5f4        0x0 binaries/ctype_.o
 .data          0x000000000011a5f4        0x0 binaries/doprnt.o
 *fill*         0x000000000011a5f4        0xc 
 .data          0x000000000011a600       0x80 binaries/doscan.o
                0x000000000011a600                _sctab
 .data          0x000000000011a680        0x0 binaries/fdoprnt.o
 .data          0x000000000011a680        0x0 binaries/fgetc.o
 .data          0x000000000011a680        0x0 binaries/fgets.o
 .data          0x000000000011a680        0x0 binaries/fprintf.o
 .data          0x000000000011a680        0x0 binaries/fputc.o
 .data          0x000000000011a680        0x0 binaries/fputs.o
 .data          0x000000000011a680        0x0 binaries/fscanf.o
 .data          0x000000000011a680        0x0 binaries/getchar.o
 .data          0x000000000011a680        0x0 binaries/labs.o
 .data          0x000000000011a680        0x0 binaries/memchr.o
 .data          0x000000000011a680        0x0 binaries/memcmp.o
 .data          0x000000000011a680        0x0 binaries/memcpy.o
 .data          0x000000000011a680        0x0 binaries/memset.o
 .data          0x000000000011a680        0x0 binaries/printf.o
 .data          0x000000000011a680        0x0 binaries/putchar.o
 .data          0x000000000011a680        0x0 binaries/qsort.o
 .data          0x000000000011a680        0x4 binaries/rand.o
 .data          0x000000000011a684        0x0 binaries/sprintf.o
 .data          0x000000000011a684        0x0 binaries/sscanf.o
 .data          0x000000000011a684        0x0 binaries/strchr.o
 .data          0x000000000011a684        0x0 binaries/strcmp.o
 .data          0x000000000011a684        0x0 binaries/strcpy.o
 .data          0x000000000011a684        0x0 binaries/strlen.o
 .data          0x000000000011a684        0x0 binaries/strncat.o
 .data          0x000000000011a684        0x0 binaries/strncmp.o
 .data          0x000000000011a684        0x0 binaries/strncpy.o
 .data          0x000000000011a684        0x0 binaries/strnlen.o
 .data          0x000000000011a684        0x0 binaries/strrchr.o
 .data          0x000000000011a684        0x0 binaries/strstr.o
 .data          0x000000000011a684        0x0 binaries/ttycontrol.o
 .data          0x000000000011a684        0x0 binaries/ttygetc.o
 .data          0x000000000011a684        0x0 binaries/ttyhandle_in.o
 .data          0x000000000011a684        0x0 binaries/ttyhandle_out.o
 .data          0x000000000011a684        0x0 binaries/ttyhandler.o
 .data          0x000000000011a684        0x0 binaries/ttyinit.o
 .data          0x000000000011a684        0x0 binaries/ttykickout.o
[...]
 .comment       0x000000000000001d       0x1e binaries/lfiballoc.o
 .comment       0x000000000000001d       0x1e binaries/lfibclear.o
 .comment       0x000000000000001d       0x1e binaries/lfibget.o
 .comment       0x000000000000001d       0x1e binaries/lfibput.o
 .comment       0x000000000000001d       0x1e binaries/lflclose.o
 .comment       0x000000000000001d       0x1e binaries/lflcontrol.o
 .comment       0x000000000000001d       0x1e binaries/lflgetc.o
 .comment       0x000000000000001d       0x1e binaries/lflinit.o
 .comment       0x000000000000001d       0x1e binaries/lflputc.o
 .comment       0x000000000000001d       0x1e binaries/lflread.o
 .comment       0x000000000000001d       0x1e binaries/lflseek.o
 .comment       0x000000000000001d       0x1e binaries/lflwrite.o
 .comment       0x000000000000001d       0x1e binaries/lfscheck.o
 .comment       0x000000000000001d       0x1e binaries/lfsckfmt.o
 .comment       0x000000000000001d       0x1e binaries/lfscreate.o
 .comment       0x000000000000001d       0x1e binaries/lfsetup.o
 .comment       0x000000000000001d       0x1e binaries/lfsinit.o
 .comment       0x000000000000001d       0x1e binaries/lfsopen.o
 .comment       0x000000000000001d       0x1e binaries/lftruncate.o
 .comment       0x000000000000001d       0x1e binaries/rflclose.o
 .comment       0x000000000000001d       0x1e binaries/rflgetc.o
 .comment       0x000000000000001d       0x1e binaries/rflinit.o
 .comment       0x000000000000001d       0x1e binaries/rflputc.o
 .comment       0x000000000000001d       0x1e binaries/rflread.o
 .comment       0x000000000000001d       0x1e binaries/rflseek.o
 .comment       0x000000000000001d       0x1e binaries/rflwrite.o
 .comment       0x000000000000001d       0x1e binaries/rfscomm.o
 .comment       0x000000000000001d       0x1e binaries/rfscontrol.o
 .comment       0x000000000000001d       0x1e binaries/rfsgetmode.o
 .comment       0x000000000000001d       0x1e binaries/rfsinit.o
 .comment       0x000000000000001d       0x1e binaries/rfsndmsg.o
 .comment       0x000000000000001d       0x1e binaries/rfsopen.o
 .comment       0x000000000000001d       0x1e binaries/arp.o
 .comment       0x000000000000001d       0x1e binaries/dhcp.o
 .comment       0x000000000000001d       0x1e binaries/dns.o
 .comment       0x000000000000001d       0x1e binaries/dot2ip.o
 .comment       0x000000000000001d       0x1e binaries/hexdump.o
 .comment       0x000000000000001d       0x1e binaries/icmp.o
 .comment       0x000000000000001d       0x1e binaries/ip.o
 .comment       0x000000000000001d       0x1e binaries/net.o
 .comment       0x000000000000001d       0x1e binaries/pdump.o
 .comment       0x000000000000001d       0x1e binaries/tftp.o
 .comment       0x000000000000001d       0x1e binaries/udp.o
 .comment       0x000000000000001d       0x1e binaries/addargs.o
 .comment       0x000000000000001d       0x1e binaries/lexan.o
 .comment       0x000000000000001d       0x1e binaries/shell.o
 .comment       0x000000000000001d       0x1e binaries/xsh_changedir.o
 .comment       0x000000000000001d       0x1e binaries/xsh_createfile.o
 .comment       0x000000000000001d       0x1e binaries/xsh_listdir.o
 .comment       0x000000000000001d       0x1e binaries/xsh_mkdir.o
 .comment       0x000000000000001d       0x1e binaries/xsh_pathfinder.o
 .comment       0x000000000000001d       0x1e binaries/xsh_search.o

.note.GNU-stack
                0x0000000000000000        0x0
 .note.GNU-stack
                0x0000000000000000        0x0 binaries/ascdate.o
 .note.GNU-stack
                0x0000000000000000        0x0 binaries/bufinit.o
 .note.GNU-stack
                0x0000000000000000        0x0 binaries/chprio.o
 .note.GNU-stack
                0x0000000000000000        0x0 binaries/clkhandler.o
 .note.GNU-stack
                0x0000000000000000        0x0 binaries/clkinit.o
 .note.GNU-stack
                0x0000000000000000        0x0 binaries/close.o
 .note.GNU-stack
                0x0000000000000000        0x0 binaries/conf.o
 .note.GNU-stack
                0x0000000000000000        0x0 binaries/control.o
 .note.GNU-stack
                0x0000000000000000        0x0 binaries/create.o
 .note.GNU-stack
                0x0000000000000000        0x0 binaries/evec.o
 .note.GNU-stack
                0x0000000000000000        0x0 binaries/exit.o
 .note.GNU-stack
                0x0000000000000000        0x0 binaries/freebuf.o
 .note.GNU-stack
                0x0000000000000000        0x0 binaries/freemem.o
 .note.GNU-stack
                0x0000000000000000        0x0 binaries/getbuf.o
 .note.GNU-stack
                0x0000000000000000        0x0 binaries/getc.o
 .note.GNU-stack
                0x0000000000000000        0x0 binaries/getdev.o
 .note.GNU-stack
                0x0000000000000000        0x0 binaries/getitem.o
 .note.GNU-stack
                0x0000000000000000        0x0 binaries/getmem.o
 .note.GNU-stack
                0x0000000000000000        0x0 binaries/getpid.o
 .note.GNU-stack
                0x0000000000000000        0x0 binaries/getprio.o
 .note.GNU-stack
                0x0000000000000000        0x0 binaries/getstk.o
 .note.GNU-stack
                0x0000000000000000        0x0 binaries/getticks.o
 .note.GNU-stack
                0x0000000000000000        0x0 binaries/gettime.o
 .note.GNU-stack
                0x0000000000000000        0x0 binaries/getutime.o
 .note.GNU-stack
                0x0000000000000000        0x0 binaries/i386.o
 .note.GNU-stack
                0x0000000000000000        0x0 binaries/init.o
 .note.GNU-stack
                0x0000000000000000        0x0 binaries/initialize.o
 .note.GNU-stack
                0x0000000000000000        0x0 binaries/insert.o
 .note.GNU-stack
                0x0000000000000000        0x0 binaries/insertd.o
 .note.GNU-stack
                0x0000000000000000        0x0 binaries/ioerr.o
 .note.GNU-stack
                0x0000000000000000        0x0 binaries/ionull.o
 .note.GNU-stack
                0x0000000000000000        0x0 binaries/kill.o
 .note.GNU-stack
                0x0000000000000000        0x0 binaries/kprintf.o
 .note.GNU-stack
                0x0000000000000000        0x0 binaries/main.o
 .note.GNU-stack
                0x0000000000000000        0x0 binaries/mark.o
 .note.GNU-stack
                0x0000000000000000        0x0 binaries/meminit.o
 .note.GNU-stack
                0x0000000000000000        0x0 binaries/mkbufpool.o
 .note.GNU-stack
                0x0000000000000000        0x0 binaries/newqueue.o
 .note.GNU-stack
                0x0000000000000000        0x0 binaries/open.o
 .note.GNU-stack
                0x0000000000000000        0x0 binaries/panic.o
 .note.GNU-stack
                0x0000000000000000        0x0 binaries/pci.o
 .note.GNU-stack
                0x0000000000000000        0x0 binaries/ptclear.o
 .note.GNU-stack
                0x0000000000000000        0x0 binaries/ptcount.o
 .note.GNU-stack
                0x0000000000000000        0x0 binaries/ptcreate.o
 .note.GNU-stack
                0x0000000000000000        0x0 binaries/ptdelete.o
 .note.GNU-stack
                0x0000000000000000        0x0 binaries/ptinit.o
 .note.GNU-stack
                0x0000000000000000        0x0 binaries/ptrecv.o
 .note.GNU-stack
                0x0000000000000000        0x0 binaries/ptreset.o
 .note.GNU-stack
                0x0000000000000000        0x0 binaries/ptsend.o
 .note.GNU-stack
                0x0000000000000000        0x0 binaries/putc.o
 .note.GNU-stack
                0x0000000000000000        0x0 binaries/queue.o
 .note.GNU-stack
                0x0000000000000000        0x0 binaries/read.o
 .note.GNU-stack
                0x0000000000000000        0x0 binaries/ready.o
 .note.GNU-stack
                0x0000000000000000        0x0 binaries/receive.o
 .note.GNU-stack
                0x0000000000000000        0x0 binaries/recvclr.o
 .note.GNU-stack
                0x0000000000000000        0x0 binaries/recvtime.o
 .note.GNU-stack
                0x0000000000000000        0x0 binaries/resched.o
 .note.GNU-stack
                0x0000000000000000        0x0 binaries/resume.o
 .note.GNU-stack
                0x0000000000000000        0x0 binaries/seek.o
 .note.GNU-stack
                0x0000000000000000        0x0 binaries/semcount.o
 .note.GNU-stack
                0x0000000000000000        0x0 binaries/semcreate.o
 .note.GNU-stack
                0x0000000000000000        0x0 binaries/semdelete.o
 .note.GNU-stack
                0x0000000000000000        0x0 binaries/semreset.o
 .note.GNU-stack
                0x0000000000000000        0x0 binaries/send.o
 .note.GNU-stack
                0x0000000000000000        0x0 binaries/signal.o
 .note.GNU-stack
                0x0000000000000000        0x0 binaries/signaln.o
 .note.GNU-stack
                0x0000000000000000        0x0 binaries/sleep.o
 .note.GNU-stack
                0x0000000000000000        0x0 binaries/stacktrace.o
 .note.GNU-stack
                0x0000000000000000        0x0 binaries/suspend.o
 .note.GNU-stack
                0x0000000000000000        0x0 binaries/unsleep.o
 .note.GNU-stack
                0x0000000000000000        0x0 binaries/userret.o
 .note.GNU-stack
                0x0000000000000000        0x0 binaries/wait.o
 .note.GNU-stack
                0x0000000000000000        0x0 binaries/wakeup.o
 .note.GNU-stack
                0x0000000000000000        0x0 binaries/write.o
 .note.GNU-stack
                0x0000000000000000        0x0 binaries/xdone.o
 .note.GNU-stack
                0x0000000000000000        0x0 binaries/yield.o
 .note.GNU-stack
                0x0000000000000000        0x0 binaries/abs.o
 .note.GNU-stack
                0x0000000000000000        0x0 binaries/atoi.o
 .note.GNU-stack
                0x0000000000000000        0x0 binaries/atol.o
 .note.GNU-stack
                0x0000000000000000        0x0 binaries/bzero.o
 .note.GNU-stack
                0x0000000000000000        0x0 binaries/ctype_.o
 .note.GNU-stack
                0x0000000000000000        0x0 binaries/doprnt.o
 .note.GNU-stack
                0x0000000000000000        0x0 binaries/doscan.o
 .note.GNU-stack
                0x0000000000000000        0x0 binaries/fdoprnt.o
 .note.GNU-stack
                0x0000000000000000        0x0 binaries/fgetc.o
 .note.GNU-stack
                0x0000000000000000        0x0 binaries/fgets.o
 .note.GNU-stack
                0x0000000000000000        0x0 binaries/fprintf.o
 .note.GNU-stack
                0x0000000000000000        0x0 binaries/fputc.o
 .note.GNU-stack
                0x0000000000000000        0x0 binaries/fputs.o
 .note.GNU-stack
                0x0000000000000000        0x0 binaries/fscanf.o
 .note.GNU-stack
                0x0000000000000000        0x0 binaries/getchar.o
 .note.GNU-stack
                0x0000000000000000        0x0 binaries/labs.o
 .note.GNU-stack
                0x0000000000000000        0x0 binaries/memchr.o
 .note.GNU-stack
                0x0000000000000000        0x0 binaries/memcmp.o
 .note.GNU-stack
                0x0000000000000000        0x0 binaries/memcpy.o
 .note.GNU-stack
                0x0000000000000000        0x0 binaries/memset.o
 .note.GNU-stack
                0x0000000000000000        0x0 binaries/printf.o
 .note.GNU-stack
                0x0000000000000000        0x0 binaries/putchar.o
 .note.GNU-stack
                0x0000000000000000        0x0 binaries/qsort.o
 .note.GNU-stack
                0x0000000000000000        0x0 binaries/rand.o
 .note.GNU-stack
                0x0000000000000000        0x0 binaries/sprintf.o
 .note.GNU-stack
                0x0000000000000000        0x0 binaries/sscanf.o
 .note.GNU-stack
                0x0000000000000000        0x0 binaries/strchr.o
 .note.GNU-stack
                0x0000000000000000        0x0 binaries/strcmp.o
 .note.GNU-stack
                0x0000000000000000        0x0 binaries/strcpy.o
 .note.GNU-stack
                0x0000000000000000        0x0 binaries/strlen.o
 .note.GNU-stack
                0x0000000000000000        0x0 binaries/strncat.o
 .note.GNU-stack
                0x0000000000000000        0x0 binaries/strncmp.o
 .note.GNU-stack
                0x0000000000000000        0x0 binaries/strncpy.o
 .note.GNU-stack
                0x0000000000000000        0x0 binaries/strnlen.o
 .note.GNU-stack
                0x0000000000000000        0x0 binaries/strrchr.o
 .note.GNU-stack
                0x0000000000000000        0x0 binaries/strstr.o
 .note.GNU-stack
                0x0000000000000000        0x0 binaries/ttycontrol.o
 .note.GNU-stack
                0x0000000000000000        0x0 binaries/ttygetc.o
 .note.GNU-stack
                0x0000000000000000        0x0 binaries/ttyhandle_in.o
 .note.GNU-stack
                0x0000000000000000        0x0 binaries/ttyhandle_out.o
 .note.GNU-stack
                0x0000000000000000        0x0 binaries/ttyhandler.o
 .note.GNU-stack
                0x0000000000000000        0x0 binaries/ttyinit.o
 .note.GNU-stack
                0x0000000000000000        0x0 binaries/ttykickout.o
 .note.GNU-stack
                0x0000000000000000        0x0 binaries/ttyputc.o
 .note.GNU-stack
                0x0000000000000000        0x0 binaries/ttyread.o
 .note.GNU-stack
                0x0000000000000000        0x0 binaries/ttywrite.o
 .note.GNU-stack
                0x0000000000000000        0x0 binaries/mount.o
 .note.GNU-stack
                0x0000000000000000        0x0 binaries/naminit.o
 .note.GNU-stack
                0x0000000000000000        0x0 binaries/nammap.o
 .note.GNU-stack
                0x0000000000000000        0x0 binaries/namopen.o
 .note.GNU-stack
                0x0000000000000000        0x0 binaries/82545EMInit.o
 .note.GNU-stack
                0x0000000000000000        0x0 binaries/ethcontrol.o
 .note.GNU-stack
                0x0000000000000000        0x0 binaries/ethhandler.o
 .note.GNU-stack
                0x0000000000000000        0x0 binaries/ethinit.o
 .note.GNU-stack
                0x0000000000000000        0x0 binaries/ethread.o
 .note.GNU-stack
                0x0000000000000000        0x0 binaries/ethwrite.o
 .note.GNU-stack
                0x0000000000000000        0x0 binaries/rdsbufalloc.o
 .note.GNU-stack
                0x0000000000000000        0x0 binaries/rdsclose.o
 .note.GNU-stack
                0x0000000000000000        0x0 binaries/rdscomm.o
 .note.GNU-stack
                0x0000000000000000        0x0 binaries/rdscontrol.o
 .note.GNU-stack
                0x0000000000000000        0x0 binaries/rdsinit.o
 .note.GNU-stack
                0x0000000000000000        0x0 binaries/rdsopen.o
 .note.GNU-stack
                0x0000000000000000        0x0 binaries/rdsprocess.o
 .note.GNU-stack
                0x0000000000000000        0x0 binaries/rdsread.o
 .note.GNU-stack
                0x0000000000000000        0x0 binaries/rdswrite.o
 .note.GNU-stack
                0x0000000000000000        0x0 binaries/ramclose.o
 .note.GNU-stack
                0x0000000000000000        0x0 binaries/raminit.o
 .note.GNU-stack
                0x0000000000000000        0x0 binaries/ramopen.o
 .note.GNU-stack
                0x0000000000000000        0x0 binaries/ramread.o
 .note.GNU-stack
                0x0000000000000000        0x0 binaries/ramwrite.o
 .note.GNU-stack
                0x0000000000000000        0x0 binaries/lfdballoc.o
 .note.GNU-stack
                0x0000000000000000        0x0 binaries/lfdbfree.o
 .note.GNU-stack
                0x0000000000000000        0x0 binaries/lfflush.o
 .note.GNU-stack
                0x0000000000000000        0x0 binaries/lfgetmode.o
 .note.GNU-stack
                0x0000000000000000        0x0 binaries/lfiballoc.o
 .note.GNU-stack
                0x0000000000000000        0x0 binaries/lfibclear.o
 .note.GNU-stack
                0x0000000000000000        0x0 binaries/lfibget.o
 .note.GNU-stack
                0x0000000000000000        0x0 binaries/lfibput.o
 .note.GNU-stack
                0x0000000000000000        0x0 binaries/lflclose.o
 .note.GNU-stack
                0x0000000000000000        0x0 binaries/lflcontrol.o
 .note.GNU-stack
                0x0000000000000000        0x0 binaries/lflgetc.o
 .note.GNU-stack
                0x0000000000000000        0x0 binaries/lflinit.o
 .note.GNU-stack
                0x0000000000000000        0x0 binaries/lflputc.o
 .note.GNU-stack
                0x0000000000000000        0x0 binaries/lflread.o
 .note.GNU-stack
                0x0000000000000000        0x0 binaries/lflseek.o
 .note.GNU-stack
                0x0000000000000000        0x0 binaries/lflwrite.o
 .note.GNU-stack
                0x0000000000000000        0x0 binaries/lfscheck.o
 .note.GNU-stack
                0x0000000000000000        0x0 binaries/lfsckfmt.o
 .note.GNU-stack
                0x0000000000000000        0x0 binaries/lfscreate.o
 .note.GNU-stack
                0x0000000000000000        0x0 binaries/lfsetup.o
 .note.GNU-stack
                0x0000000000000000        0x0 binaries/lfsinit.o
 .note.GNU-stack
                0x0000000000000000        0x0 binaries/lfsopen.o
 .note.GNU-stack
                0x0000000000000000        0x0 binaries/lftruncate.o
 .note.GNU-stack
                0x0000000000000000        0x0 binaries/rflclose.o
 .note.GNU-stack
                0x0000000000000000        0x0 binaries/rflgetc.o
 .note.GNU-stack
                0x0000000000000000        0x0 binaries/rflinit.o
 .note.GNU-stack
                0x0000000000000000        0x0 binaries/rflputc.o
 .note.GNU-stack
                0x0000000000000000        0x0 binaries/rflread.o
 .note.GNU-stack
                0x0000000000000000        0x0 binaries/rflseek.o
 .note.GNU-stack
                0x0000000000000000        0x0 binaries/rflwrite.o
 .note.GNU-stack
                0x0000000000000000        0x0 binaries/rfscomm.o
 .note.GNU-stack
                0x0000000000000000        0x0 binaries/rfscontrol.o
 .note.GNU-stack
                0x0000000000000000        0x0 binaries/rfsgetmode.o
 .note.GNU-stack
                0x0000000000000000        0x0 binaries/rfsinit.o
 .note.GNU-stack
                0x0000000000000000        0x0 binaries/rfsndmsg.o
 .note.GNU-stack
                0x0000000000000000        0x0 binaries/rfsopen.o
 .note.GNU-stack
                0x0000000000000000        0x0 binaries/arp.o
 .note.GNU-stack
                0x0000000000000000        0x0 binaries/dhcp.o
 .note.GNU-stack
                0x0000000000000000        0x0 binaries/dns.o
 .note.GNU-stack
                0x0000000000000000        0x0 binaries/dot2ip.o
 .note.GNU-stack
                0x0000000000000000        0x0 binaries/hexdump.o
 .note.GNU-stack
                0x0000000000000000        0x0 binaries/icmp.o
 .note.GNU-stack
                0x0000000000000000        0x0 binaries/ip.o
 .note.GNU-stack
                0x0000000000000000        0x0 binaries/net.o
 .note.GNU-stack
                0x0000000000000000        0x0 binaries/pdump.o
 .note.GNU-stack
                0x0000000000000000        0x0 binaries/tftp.o
 .note.GNU-stack
                0x0000000000000000        0x0 binaries/udp.o
 .note.GNU-stack
                0x0000000000000000        0x0 binaries/addargs.o
 .note.GNU-stack
                0x0000000000000000        0x0 binaries/lexan.o
 .note.GNU-stack
                0x0000000000000000        0x0 binaries/shell.o
 .note.GNU-stack
                0x0000000000000000        0x0 binaries/xsh_changedir.o
 .note.GNU-stack
                0x0000000000000000        0x0 binaries/xsh_createfile.o
 .note.GNU-stack
                0x0000000000000000        0x0 binaries/xsh_listdir.o
 .note.GNU-stack
                0x0000000000000000        0x0 binaries/xsh_mkdir.o
 .note.GNU-stack
                0x0000000000000000        0x0 binaries/xsh_pathfinder.o
 .note.GNU-stack
                0x0000000000000000        0x0 binaries/xsh_search.o
